
T19187.hs:7:10: error:
    • Non type-variable argument in the constraint: Eq Int
      (Use FlexibleContexts to permit this)
    • In the instance declaration for ‘Eq T’
