
<interactive>:1:5: error:
    • Expecting one more argument to ‘Maybe’
      Expected a type, but ‘Maybe’ has kind ‘* -> *’
    • In the type ‘Maybe’
      In the expression: id @Maybe
