
==================== Cpr signatures ====================
FacState.$trModule: *
FacState.fac: *c1(*, #c1(#))


