
==================== Cpr signatures ====================
T10694.$trModule: *
T10694.m: *
T10694.pm: #c1(*, *)


