
==================== Cpr signatures ====================
T1600.$trModule: *
T1600.facIO: *c1(*, #c1(#))


