hello
[GblId, Arity=3, Str=<U><U><U>b, Cpr=*b, Unf=OtherCon []]
