
==================== Strictness signatures ====================
BottomFromInnerLambda.$trModule:
BottomFromInnerLambda.expensive: <SP(MU)>
BottomFromInnerLambda.f: <SP(MU)>



==================== Cpr signatures ====================
BottomFromInnerLambda.$trModule: *
BottomFromInnerLambda.expensive: *c1(#)
BottomFromInnerLambda.f: *



==================== Strictness signatures ====================
BottomFromInnerLambda.$trModule:
BottomFromInnerLambda.expensive: <SP(SU)>
BottomFromInnerLambda.f: <SP(SU)>


