
==================== Strictness signatures ====================
DmdAnalGADTs.$tc'A:
DmdAnalGADTs.$tc'B:
DmdAnalGADTs.$tcD:
DmdAnalGADTs.$trModule:
DmdAnalGADTs.diverges: b
DmdAnalGADTs.f: <SU>
DmdAnalGADTs.f': <SU>
DmdAnalGADTs.g: <SU>
DmdAnalGADTs.hasCPR:
DmdAnalGADTs.hasStrSig: <SP(U)>



==================== Cpr signatures ====================
DmdAnalGADTs.$tc'A: *
DmdAnalGADTs.$tc'B: *
DmdAnalGADTs.$tcD: *
DmdAnalGADTs.$trModule: *
DmdAnalGADTs.diverges: *b
DmdAnalGADTs.f: *
DmdAnalGADTs.f': #c1(#)
DmdAnalGADTs.g: *
DmdAnalGADTs.hasCPR: *
DmdAnalGADTs.hasStrSig: #c1(#)



==================== Strictness signatures ====================
DmdAnalGADTs.$tc'A:
DmdAnalGADTs.$tc'B:
DmdAnalGADTs.$tcD:
DmdAnalGADTs.$trModule:
DmdAnalGADTs.diverges: b
DmdAnalGADTs.f: <SU>
DmdAnalGADTs.f': <SU>
DmdAnalGADTs.g: <SU>
DmdAnalGADTs.hasCPR:
DmdAnalGADTs.hasStrSig: <SP(U)>


