
==================== Strictness signatures ====================
HyperStrUse.$trModule:
HyperStrUse.f: <SP(SP(U),A)><SU>



==================== Cpr signatures ====================
HyperStrUse.$trModule: *
HyperStrUse.f: *c1(#)



==================== Strictness signatures ====================
HyperStrUse.$trModule:
HyperStrUse.f: <SP(SP(U),A)><SU>


