
==================== Strictness signatures ====================
Test.$tc'MkT:
Test.$tcT:
Test.$trModule:
Test.t: <SP(U)><SP(U)>
Test.t2: <SP(U)><SP(U)>



==================== Cpr signatures ====================
Test.$tc'MkT: *
Test.$tcT: *
Test.$trModule: *
Test.t: #c1(#)
Test.t2: #c1(#)



==================== Strictness signatures ====================
Test.$tc'MkT:
Test.$tcT:
Test.$trModule:
Test.t: <SP(U)><SP(U)>
Test.t2: <SP(U)><SP(U)>


