
==================== Strictness signatures ====================
StrAnalExample.$trModule:
StrAnalExample.foo: <SU>



==================== Cpr signatures ====================
StrAnalExample.$trModule: *
StrAnalExample.foo: #



==================== Strictness signatures ====================
StrAnalExample.$trModule:
StrAnalExample.foo: <SU>


