
==================== Strictness signatures ====================
T13380f.$trModule:
T13380f.f: <SP(U)><SP(U)><U>
T13380f.g: <SP(U)><1P(U)><U>
T13380f.h: <SP(U)><1P(U)><U>
T13380f.interruptibleCall: <U>
T13380f.safeCall: <U>
T13380f.unsafeCall: <U>



==================== Cpr signatures ====================
T13380f.$trModule: *
T13380f.f: *c1(*, #c1(#))
T13380f.g: *c1(*, #c1(#))
T13380f.h: *c1(*, #c1(#))
T13380f.interruptibleCall: *c1(*, *)
T13380f.safeCall: *c1(*, *)
T13380f.unsafeCall: *c1(*, *)



==================== Strictness signatures ====================
T13380f.$trModule:
T13380f.f: <SP(U)><SP(U)><U>
T13380f.g: <SP(U)><1P(U)><U>
T13380f.h: <SP(U)><1P(U)><U>
T13380f.interruptibleCall: <U>
T13380f.safeCall: <U>
T13380f.unsafeCall: <U>


