
==================== Strictness signatures ====================
T8598.$trModule:
T8598.fun: <SP(U)>



==================== Cpr signatures ====================
T8598.$trModule: *
T8598.fun: *c1(*)



==================== Strictness signatures ====================
T8598.$trModule:
T8598.fun: <SP(U)>


