
==================== Strictness signatures ====================
UnsatFun.$trModule:
UnsatFun.f: <SP(M)><B>b
UnsatFun.g: <SP(M)>b
UnsatFun.g': <1P(U)>
UnsatFun.g3: <A>
UnsatFun.h: <SCS(U)>
UnsatFun.h2: <SU><1C1(U)>
UnsatFun.h3: <SCS(A)>



==================== Cpr signatures ====================
UnsatFun.$trModule: *
UnsatFun.f: *b
UnsatFun.g: *
UnsatFun.g': *
UnsatFun.g3: *c1(#)
UnsatFun.h: *
UnsatFun.h2: *
UnsatFun.h3: *c1(#)



==================== Strictness signatures ====================
UnsatFun.$trModule:
UnsatFun.f: <SP(M)><B>b
UnsatFun.g: <SP(M)>b
UnsatFun.g': <1P(U)>
UnsatFun.g3: <A>
UnsatFun.h: <SCS(U)>
UnsatFun.h2: <SU><1C1(U)>
UnsatFun.h3: <SCS(A)>


