
==================== Strictness signatures ====================
Foo.$trModule:
Foo.f: <SP(SU)><SP(U)><SP(U)>
Foo.g: <SP(SP(U),SP(U))>



==================== Cpr signatures ====================
Foo.$trModule: *
Foo.f: #c1(#)
Foo.g: #c1(#)



==================== Strictness signatures ====================
Foo.$trModule:
Foo.f: <SP(SU)><SP(U)><SP(U)>
Foo.g: <SP(SP(U),SP(U))>


