
==================== Tidy Core ====================
Result size of Tidy Core
  = {terms: 36, types: 15, coercions: 0, joins: 0/0}

-- RHS size: {terms: 1, types: 0, coercions: 0, joins: 0/0}
T3717.$trModule4 :: GHC.Prim.Addr#
[GblId,
 Unf=Unf{Src=<vanilla>, TopLvl=True, Value=True, ConLike=True,
         WorkFree=True, Expandable=True, Guidance=IF_ARGS [] 20 0}]
T3717.$trModule4 = "main"#

-- RHS size: {terms: 2, types: 0, coercions: 0, joins: 0/0}
T3717.$trModule3 :: GHC.Types.TrName
[GblId,
 Unf=Unf{Src=<vanilla>, TopLvl=True, Value=True, ConLike=True,
         WorkFree=True, Expandable=True, Guidance=IF_ARGS [] 10 10}]
T3717.$trModule3 = GHC.Types.TrNameS T3717.$trModule4

-- RHS size: {terms: 1, types: 0, coercions: 0, joins: 0/0}
T3717.$trModule2 :: GHC.Prim.Addr#
[GblId,
 Unf=Unf{Src=<vanilla>, TopLvl=True, Value=True, ConLike=True,
         WorkFree=True, Expandable=True, Guidance=IF_ARGS [] 30 0}]
T3717.$trModule2 = "T3717"#

-- RHS size: {terms: 2, types: 0, coercions: 0, joins: 0/0}
T3717.$trModule1 :: GHC.Types.TrName
[GblId,
 Unf=Unf{Src=<vanilla>, TopLvl=True, Value=True, ConLike=True,
         WorkFree=True, Expandable=True, Guidance=IF_ARGS [] 10 10}]
T3717.$trModule1 = GHC.Types.TrNameS T3717.$trModule2

-- RHS size: {terms: 3, types: 0, coercions: 0, joins: 0/0}
T3717.$trModule :: GHC.Types.Module
[GblId,
 Unf=Unf{Src=<vanilla>, TopLvl=True, Value=True, ConLike=True,
         WorkFree=True, Expandable=True, Guidance=IF_ARGS [] 10 10}]
T3717.$trModule
  = GHC.Types.Module T3717.$trModule3 T3717.$trModule1

Rec {
-- RHS size: {terms: 10, types: 2, coercions: 0, joins: 0/0}
T3717.$wfoo [InlPrag=[2], Occ=LoopBreaker]
  :: GHC.Prim.Int# -> GHC.Prim.Int#
[GblId, Arity=1, Str=<SU>, Unf=OtherCon []]
T3717.$wfoo
  = \ (ww :: GHC.Prim.Int#) ->
      case ww of ds {
        __DEFAULT -> T3717.$wfoo (GHC.Prim.-# ds 1#);
        0# -> 0#
      }
end Rec }

-- RHS size: {terms: 10, types: 4, coercions: 0, joins: 0/0}
foo [InlPrag=[2]] :: Int -> Int
[GblId,
 Arity=1,
 Str=<SP(SU)>,
 Cpr=*c1(#),
 Unf=Unf{Src=InlineStable, TopLvl=True, Value=True, ConLike=True,
         WorkFree=True, Expandable=True,
         Guidance=ALWAYS_IF(arity=1,unsat_ok=True,boring_ok=False)
         Tmpl= \ (w [Occ=Once1!] :: Int) ->
                 case w of { GHC.Types.I# ww1 [Occ=Once1] ->
                 case T3717.$wfoo ww1 of ww2 [Occ=Once1] { __DEFAULT ->
                 GHC.Types.I# ww2
                 }
                 }}]
foo
  = \ (w :: Int) ->
      case w of { GHC.Types.I# ww1 ->
      case T3717.$wfoo ww1 of ww2 { __DEFAULT -> GHC.Types.I# ww2 }
      }



