
==================== Tidy Core ====================
Result size of Tidy Core
  = {terms: 106, types: 45, coercions: 0, joins: 0/0}

-- RHS size: {terms: 6, types: 3, coercions: 0, joins: 0/0}
T7360.$WFoo3 [InlPrag=INLINE[final] CONLIKE] :: Int %1 -> Foo
[GblId[DataConWrapper],
 Arity=1,
 Caf=NoCafRefs,
 Str=<MU>,
 Cpr=#c3(*),
 Unf=Unf{Src=InlineStable, TopLvl=True, Value=True, ConLike=True,
         WorkFree=True, Expandable=True,
         Guidance=ALWAYS_IF(arity=1,unsat_ok=True,boring_ok=False)
         Tmpl= \ (dt [Occ=Once1!] :: Int) ->
                 case dt of { GHC.Types.I# dt [Occ=Once1] -> T7360.Foo3 dt }}]
T7360.$WFoo3
  = \ (dt [Occ=Once1!] :: Int) ->
      case dt of { GHC.Types.I# dt [Occ=Once1] -> T7360.Foo3 dt }

-- RHS size: {terms: 5, types: 2, coercions: 0, joins: 0/0}
fun1 [InlPrag=NOINLINE] :: Foo -> ()
[GblId, Arity=1, Str=<SA>, Cpr=#c1(), Unf=OtherCon []]
fun1 = \ (x :: Foo) -> case x of { __DEFAULT -> GHC.Tuple.() }

-- RHS size: {terms: 2, types: 0, coercions: 0, joins: 0/0}
T7360.fun4 :: ()
[GblId,
 Cpr=#,
 Unf=Unf{Src=<vanilla>, TopLvl=True, Value=False, ConLike=False,
         WorkFree=False, Expandable=False, Guidance=IF_ARGS [] 20 0}]
T7360.fun4 = fun1 T7360.Foo1

-- RHS size: {terms: 11, types: 7, coercions: 0, joins: 0/0}
fun2 :: forall {a}. [a] -> ((), Int)
[GblId,
 Arity=1,
 Str=<1U>,
 Cpr=#c1(#, *c1(#)),
 Unf=Unf{Src=InlineStable, TopLvl=True, Value=True, ConLike=True,
         WorkFree=True, Expandable=True,
         Guidance=ALWAYS_IF(arity=1,unsat_ok=True,boring_ok=False)
         Tmpl= \ (@a) (x [Occ=Once1] :: [a]) ->
                 (T7360.fun4,
                  case x of wild [Occ=Once1] { __DEFAULT ->
                  case GHC.List.$wlenAcc @a wild 0# of ww1 [Occ=Once1] { __DEFAULT ->
                  GHC.Types.I# ww1
                  }
                  })}]
fun2
  = \ (@a) (x :: [a]) ->
      (T7360.fun4,
       case GHC.List.$wlenAcc @a x 0# of ww1 { __DEFAULT ->
       GHC.Types.I# ww1
       })

-- RHS size: {terms: 1, types: 0, coercions: 0, joins: 0/0}
T7360.$trModule4 :: GHC.Prim.Addr#
[GblId,
 Unf=Unf{Src=<vanilla>, TopLvl=True, Value=True, ConLike=True,
         WorkFree=True, Expandable=True, Guidance=IF_ARGS [] 20 0}]
T7360.$trModule4 = "main"#

-- RHS size: {terms: 2, types: 0, coercions: 0, joins: 0/0}
T7360.$trModule3 :: GHC.Types.TrName
[GblId,
 Unf=Unf{Src=<vanilla>, TopLvl=True, Value=True, ConLike=True,
         WorkFree=True, Expandable=True, Guidance=IF_ARGS [] 10 10}]
T7360.$trModule3 = GHC.Types.TrNameS T7360.$trModule4

-- RHS size: {terms: 1, types: 0, coercions: 0, joins: 0/0}
T7360.$trModule2 :: GHC.Prim.Addr#
[GblId,
 Unf=Unf{Src=<vanilla>, TopLvl=True, Value=True, ConLike=True,
         WorkFree=True, Expandable=True, Guidance=IF_ARGS [] 30 0}]
T7360.$trModule2 = "T7360"#

-- RHS size: {terms: 2, types: 0, coercions: 0, joins: 0/0}
T7360.$trModule1 :: GHC.Types.TrName
[GblId,
 Unf=Unf{Src=<vanilla>, TopLvl=True, Value=True, ConLike=True,
         WorkFree=True, Expandable=True, Guidance=IF_ARGS [] 10 10}]
T7360.$trModule1 = GHC.Types.TrNameS T7360.$trModule2

-- RHS size: {terms: 3, types: 0, coercions: 0, joins: 0/0}
T7360.$trModule :: GHC.Types.Module
[GblId,
 Unf=Unf{Src=<vanilla>, TopLvl=True, Value=True, ConLike=True,
         WorkFree=True, Expandable=True, Guidance=IF_ARGS [] 10 10}]
T7360.$trModule
  = GHC.Types.Module T7360.$trModule3 T7360.$trModule1

-- RHS size: {terms: 3, types: 1, coercions: 0, joins: 0/0}
$krep :: GHC.Types.KindRep
[GblId, Unf=OtherCon []]
$krep
  = GHC.Types.KindRepTyConApp
      GHC.Types.$tcInt (GHC.Types.[] @GHC.Types.KindRep)

-- RHS size: {terms: 1, types: 0, coercions: 0, joins: 0/0}
T7360.$tcFoo2 :: GHC.Prim.Addr#
[GblId,
 Unf=Unf{Src=<vanilla>, TopLvl=True, Value=True, ConLike=True,
         WorkFree=True, Expandable=True, Guidance=IF_ARGS [] 20 0}]
T7360.$tcFoo2 = "Foo"#

-- RHS size: {terms: 2, types: 0, coercions: 0, joins: 0/0}
T7360.$tcFoo1 :: GHC.Types.TrName
[GblId,
 Unf=Unf{Src=<vanilla>, TopLvl=True, Value=True, ConLike=True,
         WorkFree=True, Expandable=True, Guidance=IF_ARGS [] 10 10}]
T7360.$tcFoo1 = GHC.Types.TrNameS T7360.$tcFoo2

-- RHS size: {terms: 7, types: 0, coercions: 0, joins: 0/0}
T7360.$tcFoo :: GHC.Types.TyCon
[GblId,
 Unf=Unf{Src=<vanilla>, TopLvl=True, Value=True, ConLike=True,
         WorkFree=True, Expandable=True, Guidance=IF_ARGS [] 10 10}]
T7360.$tcFoo
  = GHC.Types.TyCon
      1581370841583180512##
      13291578023368289311##
      T7360.$trModule
      T7360.$tcFoo1
      0#
      GHC.Types.krep$*

-- RHS size: {terms: 3, types: 1, coercions: 0, joins: 0/0}
T7360.$tc'Foo4 [InlPrag=[~]] :: GHC.Types.KindRep
[GblId, Unf=OtherCon []]
T7360.$tc'Foo4
  = GHC.Types.KindRepTyConApp
      T7360.$tcFoo (GHC.Types.[] @GHC.Types.KindRep)

-- RHS size: {terms: 1, types: 0, coercions: 0, joins: 0/0}
T7360.$tc'Foo6 :: GHC.Prim.Addr#
[GblId,
 Unf=Unf{Src=<vanilla>, TopLvl=True, Value=True, ConLike=True,
         WorkFree=True, Expandable=True, Guidance=IF_ARGS [] 30 0}]
T7360.$tc'Foo6 = "'Foo1"#

-- RHS size: {terms: 2, types: 0, coercions: 0, joins: 0/0}
T7360.$tc'Foo5 :: GHC.Types.TrName
[GblId,
 Unf=Unf{Src=<vanilla>, TopLvl=True, Value=True, ConLike=True,
         WorkFree=True, Expandable=True, Guidance=IF_ARGS [] 10 10}]
T7360.$tc'Foo5 = GHC.Types.TrNameS T7360.$tc'Foo6

-- RHS size: {terms: 7, types: 0, coercions: 0, joins: 0/0}
T7360.$tc'Foo1 :: GHC.Types.TyCon
[GblId,
 Unf=Unf{Src=<vanilla>, TopLvl=True, Value=True, ConLike=True,
         WorkFree=True, Expandable=True, Guidance=IF_ARGS [] 10 10}]
T7360.$tc'Foo1
  = GHC.Types.TyCon
      3986951253261644518##
      2515097940992351150##
      T7360.$trModule
      T7360.$tc'Foo5
      0#
      T7360.$tc'Foo4

-- RHS size: {terms: 1, types: 0, coercions: 0, joins: 0/0}
T7360.$tc'Foo8 :: GHC.Prim.Addr#
[GblId,
 Unf=Unf{Src=<vanilla>, TopLvl=True, Value=True, ConLike=True,
         WorkFree=True, Expandable=True, Guidance=IF_ARGS [] 30 0}]
T7360.$tc'Foo8 = "'Foo2"#

-- RHS size: {terms: 2, types: 0, coercions: 0, joins: 0/0}
T7360.$tc'Foo7 :: GHC.Types.TrName
[GblId,
 Unf=Unf{Src=<vanilla>, TopLvl=True, Value=True, ConLike=True,
         WorkFree=True, Expandable=True, Guidance=IF_ARGS [] 10 10}]
T7360.$tc'Foo7 = GHC.Types.TrNameS T7360.$tc'Foo8

-- RHS size: {terms: 7, types: 0, coercions: 0, joins: 0/0}
T7360.$tc'Foo2 :: GHC.Types.TyCon
[GblId,
 Unf=Unf{Src=<vanilla>, TopLvl=True, Value=True, ConLike=True,
         WorkFree=True, Expandable=True, Guidance=IF_ARGS [] 10 10}]
T7360.$tc'Foo2
  = GHC.Types.TyCon
      17325079864060690428##
      2969742457748208427##
      T7360.$trModule
      T7360.$tc'Foo7
      0#
      T7360.$tc'Foo4

-- RHS size: {terms: 3, types: 0, coercions: 0, joins: 0/0}
T7360.$tc'Foo9 [InlPrag=[~]] :: GHC.Types.KindRep
[GblId, Unf=OtherCon []]
T7360.$tc'Foo9 = GHC.Types.KindRepFun $krep T7360.$tc'Foo4

-- RHS size: {terms: 1, types: 0, coercions: 0, joins: 0/0}
T7360.$tc'Foo11 :: GHC.Prim.Addr#
[GblId,
 Unf=Unf{Src=<vanilla>, TopLvl=True, Value=True, ConLike=True,
         WorkFree=True, Expandable=True, Guidance=IF_ARGS [] 30 0}]
T7360.$tc'Foo11 = "'Foo3"#

-- RHS size: {terms: 2, types: 0, coercions: 0, joins: 0/0}
T7360.$tc'Foo10 :: GHC.Types.TrName
[GblId,
 Unf=Unf{Src=<vanilla>, TopLvl=True, Value=True, ConLike=True,
         WorkFree=True, Expandable=True, Guidance=IF_ARGS [] 10 10}]
T7360.$tc'Foo10 = GHC.Types.TrNameS T7360.$tc'Foo11

-- RHS size: {terms: 7, types: 0, coercions: 0, joins: 0/0}
T7360.$tc'Foo3 :: GHC.Types.TyCon
[GblId,
 Unf=Unf{Src=<vanilla>, TopLvl=True, Value=True, ConLike=True,
         WorkFree=True, Expandable=True, Guidance=IF_ARGS [] 10 10}]
T7360.$tc'Foo3
  = GHC.Types.TyCon
      3674231676522181654##
      2694749919371021431##
      T7360.$trModule
      T7360.$tc'Foo10
      0#
      T7360.$tc'Foo9



